###############################################################################
#
# IAR ELF Linker V7.30.1.7746/W32 for ARM                 15/Aug/2015  18:59:39
# Copyright 2007-2014 IAR Systems AB.
#
#    Output file  =  
#        C:\Users\xuxu\Desktop\2015 LiChao Electronical Competition Code
#        V9.0(新的电机,1234完美)\build\fire_demo\Release\Exe\fire_gpio_demo.out
#    Map file     =  
#        C:\Users\xuxu\Desktop\2015 LiChao Electronical Competition Code
#        V9.0(新的电机,1234完美)\build\fire_demo\Release\List\fire_gpio_demo.map
#    Command line =  
#        "C:\Users\xuxu\Desktop\2015 LiChao Electronical Competition Code
#        V9.0(新的电机,1234完美)\build\fire_demo\Release\Obj\adc.o"
#        "C:\Users\xuxu\Desktop\2015 LiChao Electronical Competition Code
#        V9.0(新的电机,1234完美)\build\fire_demo\Release\Obj\alloc.o"
#        "C:\Users\xuxu\Desktop\2015 LiChao Electronical Competition Code
#        V9.0(新的电机,1234完美)\build\fire_demo\Release\Obj\app.o"
#        "C:\Users\xuxu\Desktop\2015 LiChao Electronical Competition Code
#        V9.0(新的电机,1234完美)\build\fire_demo\Release\Obj\app_hooks.o"
#        "C:\Users\xuxu\Desktop\2015 LiChao Electronical Competition Code
#        V9.0(新的电机,1234完美)\build\fire_demo\Release\Obj\arm_cm4.o"
#        "C:\Users\xuxu\Desktop\2015 LiChao Electronical Competition Code
#        V9.0(新的电机,1234完美)\build\fire_demo\Release\Obj\assert.o"
#        "C:\Users\xuxu\Desktop\2015 LiChao Electronical Competition Code
#        V9.0(新的电机,1234完美)\build\fire_demo\Release\Obj\AT24C02.o"
#        "C:\Users\xuxu\Desktop\2015 LiChao Electronical Competition Code
#        V9.0(新的电机,1234完美)\build\fire_demo\Release\Obj\BSP.o"
#        "C:\Users\xuxu\Desktop\2015 LiChao Electronical Competition Code
#        V9.0(新的电机,1234完美)\build\fire_demo\Release\Obj\Car_init.o"
#        "C:\Users\xuxu\Desktop\2015 LiChao Electronical Competition Code
#        V9.0(新的电机,1234完美)\build\fire_demo\Release\Obj\crt0.o"
#        "C:\Users\xuxu\Desktop\2015 LiChao Electronical Competition Code
#        V9.0(新的电机,1234完美)\build\fire_demo\Release\Obj\delay.o"
#        "C:\Users\xuxu\Desktop\2015 LiChao Electronical Competition Code
#        V9.0(新的电机,1234完美)\build\fire_demo\Release\Obj\diskio.o"
#        "C:\Users\xuxu\Desktop\2015 LiChao Electronical Competition Code
#        V9.0(新的电机,1234完美)\build\fire_demo\Release\Obj\dma.o"
#        "C:\Users\xuxu\Desktop\2015 LiChao Electronical Competition Code
#        V9.0(新的电机,1234完美)\build\fire_demo\Release\Obj\exti.o"
#        "C:\Users\xuxu\Desktop\2015 LiChao Electronical Competition Code
#        V9.0(新的电机,1234完美)\build\fire_demo\Release\Obj\ff.o"
#        "C:\Users\xuxu\Desktop\2015 LiChao Electronical Competition Code
#        V9.0(新的电机,1234完美)\build\fire_demo\Release\Obj\flash.o"
#        "C:\Users\xuxu\Desktop\2015 LiChao Electronical Competition Code
#        V9.0(新的电机,1234完美)\build\fire_demo\Release\Obj\FTM.o"
#        "C:\Users\xuxu\Desktop\2015 LiChao Electronical Competition Code
#        V9.0(新的电机,1234完美)\build\fire_demo\Release\Obj\gpio.o"
#        "C:\Users\xuxu\Desktop\2015 LiChao Electronical Competition Code
#        V9.0(新的电机,1234完美)\build\fire_demo\Release\Obj\i2c.o"
#        "C:\Users\xuxu\Desktop\2015 LiChao Electronical Competition Code
#        V9.0(新的电机,1234完美)\src\LIB\CMSIS\iar_cortexM4l_math.a"
#        "C:\Users\xuxu\Desktop\2015 LiChao Electronical Competition Code
#        V9.0(新的电机,1234完美)\build\fire_demo\Release\Obj\IIC.o"
#        "C:\Users\xuxu\Desktop\2015 LiChao Electronical Competition Code
#        V9.0(新的电机,1234完美)\build\fire_demo\Release\Obj\io.o"
#        "C:\Users\xuxu\Desktop\2015 LiChao Electronical Competition Code
#        V9.0(新的电机,1234完美)\build\fire_demo\Release\Obj\isr.o"
#        "C:\Users\xuxu\Desktop\2015 LiChao Electronical Competition Code
#        V9.0(新的电机,1234完美)\build\fire_demo\Release\Obj\ISR_fun.o"
#        "C:\Users\xuxu\Desktop\2015 LiChao Electronical Competition Code
#        V9.0(新的电机,1234完美)\build\fire_demo\Release\Obj\LCD.o"
#        "C:\Users\xuxu\Desktop\2015 LiChao Electronical Competition Code
#        V9.0(新的电机,1234完美)\build\fire_demo\Release\Obj\LED.o"
#        "C:\Users\xuxu\Desktop\2015 LiChao Electronical Competition Code
#        V9.0(新的电机,1234完美)\build\fire_demo\Release\Obj\lptmr.o"
#        "C:\Users\xuxu\Desktop\2015 LiChao Electronical Competition Code
#        V9.0(新的电机,1234完美)\build\fire_demo\Release\Obj\main.o"
#        "C:\Users\xuxu\Desktop\2015 LiChao Electronical Competition Code
#        V9.0(新的电机,1234完美)\build\fire_demo\Release\Obj\mcg.o"
#        "C:\Users\xuxu\Desktop\2015 LiChao Electronical Competition Code
#        V9.0(新的电机,1234完美)\build\fire_demo\Release\Obj\memtest.o"
#        "C:\Users\xuxu\Desktop\2015 LiChao Electronical Competition Code
#        V9.0(新的电机,1234完美)\build\fire_demo\Release\Obj\os_core.o"
#        "C:\Users\xuxu\Desktop\2015 LiChao Electronical Competition Code
#        V9.0(新的电机,1234完美)\build\fire_demo\Release\Obj\os_cpu_a.o"
#        "C:\Users\xuxu\Desktop\2015 LiChao Electronical Competition Code
#        V9.0(新的电机,1234完美)\build\fire_demo\Release\Obj\os_cpu_c.o"
#        "C:\Users\xuxu\Desktop\2015 LiChao Electronical Competition Code
#        V9.0(新的电机,1234完美)\build\fire_demo\Release\Obj\os_dbg.o"
#        "C:\Users\xuxu\Desktop\2015 LiChao Electronical Competition Code
#        V9.0(新的电机,1234完美)\build\fire_demo\Release\Obj\os_flag.o"
#        "C:\Users\xuxu\Desktop\2015 LiChao Electronical Competition Code
#        V9.0(新的电机,1234完美)\build\fire_demo\Release\Obj\os_mbox.o"
#        "C:\Users\xuxu\Desktop\2015 LiChao Electronical Competition Code
#        V9.0(新的电机,1234完美)\build\fire_demo\Release\Obj\os_mem.o"
#        "C:\Users\xuxu\Desktop\2015 LiChao Electronical Competition Code
#        V9.0(新的电机,1234完美)\build\fire_demo\Release\Obj\os_mutex.o"
#        "C:\Users\xuxu\Desktop\2015 LiChao Electronical Competition Code
#        V9.0(新的电机,1234完美)\build\fire_demo\Release\Obj\os_q.o"
#        "C:\Users\xuxu\Desktop\2015 LiChao Electronical Competition Code
#        V9.0(新的电机,1234完美)\build\fire_demo\Release\Obj\os_sem.o"
#        "C:\Users\xuxu\Desktop\2015 LiChao Electronical Competition Code
#        V9.0(新的电机,1234完美)\build\fire_demo\Release\Obj\os_task.o"
#        "C:\Users\xuxu\Desktop\2015 LiChao Electronical Competition Code
#        V9.0(新的电机,1234完美)\build\fire_demo\Release\Obj\os_time.o"
#        "C:\Users\xuxu\Desktop\2015 LiChao Electronical Competition Code
#        V9.0(新的电机,1234完美)\build\fire_demo\Release\Obj\os_tmr.o"
#        "C:\Users\xuxu\Desktop\2015 LiChao Electronical Competition Code
#        V9.0(新的电机,1234完美)\build\fire_demo\Release\Obj\OV7725.o"
#        "C:\Users\xuxu\Desktop\2015 LiChao Electronical Competition Code
#        V9.0(新的电机,1234完美)\build\fire_demo\Release\Obj\PIT.o"
#        "C:\Users\xuxu\Desktop\2015 LiChao Electronical Competition Code
#        V9.0(新的电机,1234完美)\build\fire_demo\Release\Obj\port.o"
#        "C:\Users\xuxu\Desktop\2015 LiChao Electronical Competition Code
#        V9.0(新的电机,1234完美)\build\fire_demo\Release\Obj\printf.o"
#        "C:\Users\xuxu\Desktop\2015 LiChao Electronical Competition Code
#        V9.0(新的电机,1234完美)\build\fire_demo\Release\Obj\queue.o"
#        "C:\Users\xuxu\Desktop\2015 LiChao Electronical Competition Code
#        V9.0(新的电机,1234完美)\build\fire_demo\Release\Obj\SCCB.o"
#        "C:\Users\xuxu\Desktop\2015 LiChao Electronical Competition Code
#        V9.0(新的电机,1234完美)\build\fire_demo\Release\Obj\sdhc.o"
#        "C:\Users\xuxu\Desktop\2015 LiChao Electronical Competition Code
#        V9.0(新的电机,1234完美)\build\fire_demo\Release\Obj\start.o"
#        "C:\Users\xuxu\Desktop\2015 LiChao Electronical Competition Code
#        V9.0(新的电机,1234完美)\build\fire_demo\Release\Obj\startup.o"
#        "C:\Users\xuxu\Desktop\2015 LiChao Electronical Competition Code
#        V9.0(新的电机,1234完美)\build\fire_demo\Release\Obj\stdlib.o"
#        "C:\Users\xuxu\Desktop\2015 LiChao Electronical Competition Code
#        V9.0(新的电机,1234完美)\build\fire_demo\Release\Obj\sysinit.o"
#        "C:\Users\xuxu\Desktop\2015 LiChao Electronical Competition Code
#        V9.0(新的电机,1234完美)\build\fire_demo\Release\Obj\uart.o"
#        "C:\Users\xuxu\Desktop\2015 LiChao Electronical Competition Code
#        V9.0(新的电机,1234完美)\build\fire_demo\Release\Obj\uif.o"
#        "C:\Users\xuxu\Desktop\2015 LiChao Electronical Competition Code
#        V9.0(新的电机,1234完美)\build\fire_demo\Release\Obj\vectors.o"
#        "C:\Users\xuxu\Desktop\2015 LiChao Electronical Competition Code
#        V9.0(新的电机,1234完美)\build\fire_demo\Release\Obj\wdog.o" -o
#        "C:\Users\xuxu\Desktop\2015 LiChao Electronical Competition Code
#        V9.0(新的电机,1234完美)\build\fire_demo\Release\Exe\fire_gpio_demo.out"
#        --map "C:\Users\xuxu\Desktop\2015 LiChao Electronical Competition Code
#        V9.0(新的电机,1234完美)\build\fire_demo\Release\List\fire_gpio_demo.map"
#        --config "C:\Users\xuxu\Desktop\2015 LiChao Electronical Competition
#        Code V9.0(新的电机,1234完美)\build\fire_demo\..\config
#        files\fire_ROM_K60N512.icf" --semihosting --entry __iar_program_start
#        --inline --vfe
#
###############################################################################

*******************************************************************************
*** RUNTIME MODEL ATTRIBUTES
***

CppFlavor       = *
__SystemLibrary = DLib


*******************************************************************************
*** PLACEMENT SUMMARY
***

"A1":  place at 0x00000000 { ro section .intvec };
"A2":  place at 0x00000410 { ro section .noinit };
"P1":  place in [from 0x00000000 to 0x00040000] { ro, block CodeRelocate };
"P2":  place in [from 0x1fff0410 to 0x20010000] {
          rw, block CodeRelocateRam, block CSTACK, block HEAP };

  Section              Kind        Address    Size  Object
  -------              ----        -------    ----  ------
"A1":                                        0x410
  .intvec              const    0x00000000   0x410  vectors.o [1]
                              - 0x00000410   0x410

"P1", part 1 of 2:                             0x0
  .rodata              const    0x00000410     0x0  zero_init3.o [5]

"A2":                                         0x3c
  .noinit              ro code  0x00000410    0x3c  crt0.o [1]
                              - 0x0000044c    0x3c

"P1", part 2 of 2:                          0x9af4
  .data_init                    0x0000044c  0x33cc  <Block>
    Initializer bytes  ro data  0x0000044c  0x33cc  <for .data-1>
  .text                ro code  0x00003818   0xff0  IIC.o [1]
  .text                ro code  0x00004808    0x5c  gpio.o [1]
  .text                ro code  0x00004864    0x1c  delay.o [1]
  .text                ro code  0x00004880    0x44  FltToS32.o [4]
  .text                ro code  0x000048c4    0x2e  I32ToFlt.o [4]
  .text                ro code  0x000048f2    0x22  zero_init3.o [5]
  .text                ro code  0x00004914    0xd8  FltMul.o [4]
  .text                ro code  0x000049ec    0x84  FltAdd.o [4]
  .text                ro code  0x00004a70    0xe6  FltSub.o [4]
  .text                ro code  0x00004b58    0x4e  FltToDbl.o [4]
  .text                ro code  0x00004ba8    0xf0  sqrt.o [4]
  .text                ro code  0x00004c98    0x90  DblToFlt.o [4]
  .text                ro code  0x00004d28    0x1c  FltCmpEq.o [4]
  .text                ro code  0x00004d44    0xfc  FltDiv.o [4]
  .text                ro code  0x00004e40    0xca  atan2f.o [4]
  .text                ro code  0x00004f0a    0x2a  xfdtest.o [4]
  .text                ro code  0x00004f34    0x24  FltCmpGe.o [4]
  .text                ro code  0x00004f58    0x24  FltCmpLe.o [4]
  .text                ro code  0x00004f7c    0xb0  asinf.o [4]
  .text                ro code  0x0000502c     0xc  iarEdom.o [5]
  .text                ro code  0x00005038    0xf4  xfatan.o [4]
  .text                ro code  0x0000512c    0x72  sqrtf.o [4]
  .text                ro code  0x000051a0     0xc  errno.o [3]
  .text                ro code  0x000051ac     0x2  xtls.o [3]
  .text                ro code  0x000051b0   0xab4  ISR_fun.o [1]
  .text                ro code  0x00005c64    0xf6  asin.o [4]
  .text                ro code  0x00005d5c   0x1a2  DblMul.o [4]
  .text                ro code  0x00005f00    0xe8  DblAdd.o [4]
  .text                ro code  0x00005fe8   0x42a  xsin.o [4]
  .text                ro code  0x00006414   0x246  DblDiv.o [4]
  .text                ro code  0x0000665c    0x2c  I32ToDbl.o [4]
  .text                ro code  0x00006688    0x94  atan.o [4]
  .text                ro code  0x0000671c    0x24  FltToU32.o [4]
  .text                ro code  0x00006740   0x1c8  FTM.o [1]
  .text                ro code  0x00006908    0x58  DblToI32.o [4]
  .text                ro code  0x00006960    0x2e  DblCmpLe.o [4]
  .text                ro code  0x00006990   0x180  DblSub.o [4]
  .text                ro code  0x00006b10   0x1e0  xatan.o [4]
  .text                ro code  0x00006cf0    0x2e  DblCmpGe.o [4]
  .text                ro code  0x00006d20   0x160  xquad.o [4]
  .text                ro code  0x00006e80    0x7e  xdint.o [4]
  .text                ro code  0x00006f00    0x20  DblCmpEq.o [4]
  .text                ro code  0x00006f20   0x1a8  fmod.o [4]
  .text                ro code  0x000070c8   0x8a4  LCD.o [1]
  .text                ro code  0x0000796c   0x552  printf.o [1]
  .text                ro code  0x00007ebe    0x14  stdlib.o [1]
  .text                ro code  0x00007ed4   0x4d4  Car_init.o [1]
  .text                ro code  0x000083a8   0x264  uart.o [1]
  .text                ro code  0x0000860c    0x40  PIT.o [1]
  .text                ro code  0x0000864c   0x1e4  arm_cm4.o [1]
  .text                ro code  0x00008830    0x50  exti.o [1]
  .text                ro code  0x00008880   0x4d4  main.o [1]
  .text                ro code  0x00008d54   0x240  OV7725.o [1]
  .text                ro code  0x00008f94    0x76  ABImemcpy_unaligned.o [5]
  .text                ro code  0x0000900c   0x214  dma.o [1]
  .text                ro code  0x00009220    0x48  port.o [1]
  .text                ro code  0x00009268   0x428  SCCB.o [1]
  .text                ro code  0x00009690    0x34  lptmr.o [1]
  .text                ro code  0x000096c4    0x6c  assert.o [1]
  .text                ro code  0x00009730    0x98  LED.o [1]
  .text                ro code  0x000097c8   0x338  isr.o [1]
  Veneer               ro code  0x00009b00     0x8  - Linker created -
  .text                ro code  0x00009b08   0x1bc  mcg.o [1]
  .text                ro code  0x00009cc4    0x70  startup.o [1]
  .text                ro code  0x00009d34     0x6  ABImemclr.o [5]
  .text                ro code  0x00009d3c    0x5e  ABImemset.o [5]
  .text                ro code  0x00009d9c    0x50  vectors.o [1]
  .text                ro code  0x00009dec    0x44  sysinit.o [1]
  CodeRelocate                  0x00009e30    0x3c  <Block>
    Initializer bytes  ro data  0x00009e30    0x3c  <for CodeRelocateRam-1>
  .text                ro code  0x00009e6c    0x30  wdog.o [1]
  .text                ro code  0x00009e9c    0x28  data_init.o [5]
  .iar.init_table      const    0x00009ec4    0x10  - Linker created -
  .text                ro code  0x00009ed4    0x1a  cmain.o [5]
  .text                ro code  0x00009eee     0x4  exit.o [3]
  .text                ro code  0x00009ef4     0xa  cexit.o [5]
  .text                ro code  0x00009f00    0x14  exit.o [6]
  .text                ro code  0x00009f14    0x14  start.o [1]
  .text                ro code  0x00009f28     0xc  cstartup_M.o [5]
  .text                ro code  0x00009f34     0x8  io.o [1]
  Initializer bytes    ro data  0x00009f3c     0x4  <for P2 s0>
                              - 0x00009f40  0x9af4

"P2":                                       0x5bc8
  .data                         0x1fff0410  0x33cc  <Block>
    .data-1                     0x1fff0410  0x33cc  <Init block>
      .data            inited   0x1fff0410     0xc  FTM.o [1]
      .data            inited   0x1fff041c    0x28  gpio.o [1]
      .data            inited   0x1fff0444    0x10  IIC.o [1]
      .data            inited   0x1fff0454    0x10  IIC.o [1]
      .data            inited   0x1fff0464  0x21e8  LCD.o [1]
      .data            inited   0x1fff264c   0x800  LCD.o [1]
      .data            inited   0x1fff2e4c   0x36c  LCD.o [1]
      .data            inited   0x1fff31b8     0x8  LCD.o [1]
      .data            inited   0x1fff31c0   0x540  main.o [1]
      .data            inited   0x1fff3700    0x10  main.o [1]
      .data            inited   0x1fff3710     0x8  mcg.o [1]
      .data            inited   0x1fff3718     0x1  OV7725.o [1]
      .data            inited   0x1fff371c    0x65  OV7725.o [1]
      .data            inited   0x1fff3784    0x58  uart.o [1]
  CodeRelocateRam               0x1fff37dc    0x3c  <Block>
    CodeRelocateRam-1           0x1fff37dc    0x3c  <Init block>
      .textrw          inited   0x1fff37dc    0x3c  mcg.o [1]
  .bss                          0x1fff3818  0x27bc  <Block>
    .bss               zero     0x1fff3818    0x14  IIC.o [1]
    .bss               zero     0x1fff382c    0x24  IIC.o [1]
    .bss               zero     0x1fff3850    0x38  IIC.o [1]
    .bss               zero     0x1fff3888   0x140  LCD.o [1]
    .bss               zero     0x1fff39c8     0xc  main.o [1]
    .bss               zero     0x1fff39d4     0xc  main.o [1]
    .bss               zero     0x1fff39e0     0xc  main.o [1]
    .bss               zero     0x1fff39ec     0xc  main.o [1]
    .bss               zero     0x1fff39f8     0xc  main.o [1]
    .bss               zero     0x1fff3a04     0xc  main.o [1]
    .bss               zero     0x1fff3a10     0xc  main.o [1]
    .bss               zero     0x1fff3a1c  0x25a8  OV7725.o [1]
    .bss               zero     0x1fff5fc4     0xc  sysinit.o [1]
    .bss               zero     0x1fff5fd0     0x2  isr.o [1]
  P2 s0                         0x1fff5fd4     0x4  <Init block>
    __DLIB_PERTHREAD   inited   0x1fff5fd4     0x4  errno.o [3]
                              - 0x1fff5fd8  0x5bc8


*******************************************************************************
*** INIT TABLE
***

          Address     Size
          -------     ----
Zero (__iar_zero_init3)
    1 destination range, total size 0x27ba:
          0x1fff3818  0x27ba



*******************************************************************************
*** MODULE SUMMARY
***

    Module                 ro code  rw code  ro data  rw data
    ------                 -------  -------  -------  -------
C:\Users\xuxu\Desktop\2015 LiChao Electronical Competition Code V9.0(新的电机,1234完美)\build\fire_demo\Release\Obj: [1]
    Car_init.o               1 236
    FTM.o                      456                12       12
    IIC.o                    4 080                32      144
    ISR_fun.o                2 740
    LCD.o                    2 212            11 612   11 932
    LED.o                      152
    OV7725.o                   576               105    9 742
    PIT.o                       64
    SCCB.o                   1 064
    arm_cm4.o                  484
    assert.o                   108
    crt0.o                      60
    delay.o                     28
    dma.o                      532
    exti.o                      80
    gpio.o                      92                40       40
    io.o                         8
    isr.o                      824                          2
    lptmr.o                     52
    main.o                   1 236             1 360    1 444
    mcg.o                      444       60       68        8
    port.o                      72
    printf.o                 1 362
    start.o                     20
    startup.o                  112
    stdlib.o                    20
    sysinit.o                   68                         12
    uart.o                     612                91       88
    vectors.o                   80             1 040
    wdog.o                      48
    ---------------------------------------------------------
    Total:                  18 922       60   14 360   23 424

command line: [2]
    ---------------------------------------------------------
    Total:

dl7M_tln.a: [3]
    errno.o                     12                 4        4
    exit.o                       4
    xtls.o                       2
    ---------------------------------------------------------
    Total:                      18                 4        4

m7M_tl.a: [4]
    DblAdd.o                   232
    DblCmpEq.o                  32
    DblCmpGe.o                  46
    DblCmpLe.o                  46
    DblDiv.o                   582
    DblMul.o                   418
    DblSub.o                   384
    DblToFlt.o                 144
    DblToI32.o                  88
    FltAdd.o                   132
    FltCmpEq.o                  28
    FltCmpGe.o                  36
    FltCmpLe.o                  36
    FltDiv.o                   252
    FltMul.o                   216
    FltSub.o                   230
    FltToDbl.o                  78
    FltToS32.o                  68
    FltToU32.o                  36
    I32ToDbl.o                  44
    I32ToFlt.o                  46
    asin.o                     246
    asinf.o                    176
    atan.o                     148
    atan2f.o                   202
    fmod.o                     424
    sqrt.o                     240
    sqrtf.o                    114
    xatan.o                    480
    xdint.o                    126
    xfatan.o                   244
    xfdtest.o                   42
    xquad.o                    352
    xsin.o                   1 066
    ---------------------------------------------------------
    Total:                   7 034

rt7M_tl.a: [5]
    ABImemclr.o                  6
    ABImemcpy_unaligned.o      118
    ABImemset.o                 94
    cexit.o                     10
    cmain.o                     26
    cstartup_M.o                12
    data_init.o                 40
    iarEdom.o                   12
    zero_init3.o                34
    ---------------------------------------------------------
    Total:                     352

shb_l.a: [6]
    exit.o                      20
    ---------------------------------------------------------
    Total:                      20

    Gaps                        34                          6
    Linker created               8                16
-------------------------------------------------------------
    Grand Total:            26 388       60   14 380   23 434


*******************************************************************************
*** ENTRY LIST
***

Entry                      Address    Size  Type      Object
-----                      -------    ----  ----      ------
.bss$$Base              0x1fff3818           --   Gb  - Linker created -
.bss$$Limit             0x1fff5fd4           --   Gb  - Linker created -
.data$$Base             0x1fff0410           --   Gb  - Linker created -
.data$$Limit            0x1fff37dc           --   Gb  - Linker created -
.data_init$$Base        0x0000044c           --   Gb  - Linker created -
.data_init$$Limit       0x00003818           --   Gb  - Linker created -
?main                   0x00009ed5          Code  Gb  cmain.o [5]
ASSERT_FAILED_STR       0x000096e4    0x4c  Data  Gb  assert.o [1]
Acc_ADC                 0x1fff39d4     0xc  Data  Gb  main.o [1]
Acc_ADC_Data            0x1fff39c8     0xc  Data  Gb  main.o [1]
Acc_CALIBRATED          0x1fff0444     0x1  Data  Gb  IIC.o [1]
Acc_Offset              0x1fff39e0     0xc  Data  Gb  main.o [1]
Angle                   0x1fff31c0   0x424  Data  Gb  main.o [1]
Angle_Calculate         0x0000522d   0x176  Code  Gb  ISR_fun.o [1]
Attitude_Updata_Quaternion
                        0x0000427d   0x3fe  Code  Gb  IIC.o [1]
Buzzer_Ring_ms          0x000081f9     0xc  Code  Gb  Car_init.o [1]
CodeRelocate$$Base      0x00009e30           --   Gb  - Linker created -
CodeRelocate$$Limit     0x00009e6c           --   Gb  - Linker created -
CodeRelocateRam$$Base   0x1fff37dc           --   Gb  - Linker created -
CodeRelocateRam$$Limit  0x1fff3818           --   Gb  - Linker created -
DMA0_IRQHandler         0x00009a09    0x1a  Code  Gb  isr.o [1]
DMA_PORTx2BUFF_Init     0x0000900d   0x18a  Code  Gb  dma.o [1]
Disp_single_colour      0x000075cf    0x64  Code  Gb  LCD.o [1]
Draw_single_line        0x00007633    0xc4  Code  Gb  LCD.o [1]
FTM0_IRQHandler         0x00009adb     0x2  Code  Gb  isr.o [1]
FTM1_IRQHandler         0x00009add     0x2  Code  Gb  isr.o [1]
FTM_PWM_Duty            0x000068d3    0x1c  Code  Gb  FTM.o [1]
FTM_PWM_init            0x00006741   0x192  Code  Gb  FTM.o [1]
FTMx                    0x1fff0410     0xc  Data  Gb  FTM.o [1]
Filter_2nd_LPF2ndFilter
                        0x0000417d   0x100  Code  Gb  IIC.o [1]
Font8x16                0x1fff264c   0x800  Data  Gb  LCD.o [1]
GPIOx                   0x1fff041c    0x14  Data  Gb  gpio.o [1]
Gravity                 0x1fff3a10     0xc  Data  Gb  main.o [1]
Gyro_ADC                0x1fff39f8     0xc  Data  Gb  main.o [1]
Gyro_CALIBRATED         0x1fff0454     0x1  Data  Gb  IIC.o [1]
Gyro_Offset             0x1fff3a04     0xc  Data  Gb  main.o [1]
Gyro_dps                0x1fff39ec     0xc  Data  Gb  main.o [1]
HardFault_Handler       0x00009acb     0xe  Code  Gb  isr.o [1]
IIC_start               0x00003819    0xee  Code  Gb  IIC.o [1]
IIC_stop                0x00003909   0x100  Code  Gb  IIC.o [1]
Image_fire              0x1fff3a1c  0x25a8  Data  Gb  OV7725.o [1]
LCD_PORT_init           0x000070c9    0x42  Code  Gb  LCD.o [1]
LCD_PutChar8x16         0x000074f3    0x60  Code  Gb  LCD.o [1]
LCD_PutString           0x000074b1    0x42  Code  Gb  LCD.o [1]
LCD_SetPos              0x0000745b    0x56  Code  Gb  LCD.o [1]
LCD_init                0x0000710b   0x226  Code  Gb  LCD.o [1]
LED_init                0x00009731    0x36  Code  Gb  LED.o [1]
LastIn                  0x1fff382c     0xc  Data  Gb  IIC.o [1]
LastOut                 0x1fff3844     0xc  Data  Gb  IIC.o [1]
Lcd                     0x1fff36c4    0x14  Data  Gb  main.o [1]
MPU6050_CalOffset_Acc   0x00004057    0x8c  Code  Gb  IIC.o [1]
MPU6050_CalOffset_Gyro  0x000040e3    0x84  Code  Gb  IIC.o [1]
MPU6050_Init            0x00003c77   0x11c  Code  Gb  IIC.o [1]
MPU6050_Read_Acc_Data   0x00003d93   0x144  Code  Gb  IIC.o [1]
MPU6050_Read_Gyro_Data  0x00003ed7   0x180  Code  Gb  IIC.o [1]
MPU6050_updateSensor    0x00004171     0xc  Code  Gb  IIC.o [1]
Mode                    0x1fff35e4    0xe0  Data  Gb  main.o [1]
Mode_PID                0x000053a3   0x626  Code  Gb  ISR_fun.o [1]
Motor                   0x1fff36d8    0x20  Data  Gb  main.o [1]
Motor_Out               0x000059cf   0x202  Code  Gb  ISR_fun.o [1]
OutData                 0x1fff37b4    0x10  Data  Gb  uart.o [1]
Ov7725_Init             0x00008e1d    0x12  Code  Gb  OV7725.o [1]
Ov7725_exti_Init        0x00008d55    0x9e  Code  Gb  OV7725.o [1]
Ov7725_reg_Init         0x00008e2f    0xaa  Code  Gb  OV7725.o [1]
PIT0_IRQHandler         0x00009a23    0x4c  Code  Gb  isr.o [1]
PORTB_IRQHandler        0x000097c9   0x1e0  Code  Gb  isr.o [1]
PORTX                   0x1fff0430    0x14  Data  Gb  gpio.o [1]
Parameters_init_CAR     0x00007fe1   0x218  Code  Gb  Car_init.o [1]
PendSV_Handler          0x00009ad9     0x2  Code  Gb  isr.o [1]
PreOut                  0x1fff3838     0xc  Data  Gb  IIC.o [1]
Process_Image           0x00007893    0xbc  Code  Gb  LCD.o [1]
PutGB1616               0x00007553    0x7c  Code  Gb  LCD.o [1]
Pwm_Port_init           0x00008279    0xb6  Code  Gb  Car_init.o [1]
Q                       0x1fff3700    0x10  Data  Gb  main.o [1]
Quaternion_to_euler     0x00004681   0x122  Code  Gb  IIC.o [1]
Region$$Table$$Base     0x00009ec4           --   Gb  - Linker created -
Region$$Table$$Limit    0x00009ed4           --   Gb  - Linker created -
Reset_Handler           0x00000411          Code  Gb  crt0.o [1]
SCCB_GPIO_init          0x00009269    0x1e  Code  Gb  SCCB.o [1]
SCCB_ReadByte           0x000094b1   0x1dc  Code  Gb  SCCB.o [1]
SCCB_SendByte           0x000093f9    0x7c  Code  Lc  SCCB.o [1]
SCCB_Start              0x00009287    0x96  Code  Lc  SCCB.o [1]
SCCB_Stop               0x0000931d    0x54  Code  Lc  SCCB.o [1]
SCCB_WaitAck            0x00009371    0x88  Code  Lc  SCCB.o [1]
SCCB_WriteByte          0x00009475    0x3c  Code  Gb  SCCB.o [1]
SCI_Send_Datas          0x0000850f    0xd4  Code  Gb  uart.o [1]
Send_Image_to_LCD       0x000076f7    0x86  Code  Gb  LCD.o [1]
Switch_init             0x00008213    0x66  Code  Gb  Car_init.o [1]
SysTick_Handler         0x00009ac9     0x2  Code  Gb  isr.o [1]
System_Init             0x00007ed5   0x10c  Code  Gb  Car_init.o [1]
Time_1ms                0x1fff36f8     0x4  Data  Gb  main.o [1]
UARTx                   0x1fff37c4    0x18  Data  Gb  uart.o [1]
USART0_IRQHandler       0x00009ab5    0x14  Code  Gb  isr.o [1]
VSYNC_IRQ               0x000099a9    0x60  Code  Gb  isr.o [1]
Water_LEDs              0x000051b1    0x7c  Code  Gb  ISR_fun.o [1]
__BOOT_STACK_ADDRESS {Abs}
                        0x2000fff8           --   Gb  command line/config [2]
__VECTOR_RAM {Abs}      0x1fff0000           --   Gb  command line/config [2]
__VECTOR_TABLE {Abs}    0x00000000           --   Gb  command line/config [2]
__aeabi_cdcmpeq         0x00006f01          Code  Gb  DblCmpEq.o [4]
__aeabi_cdcmple         0x00006961          Code  Gb  DblCmpLe.o [4]
__aeabi_cdrcmple        0x00006cf1          Code  Gb  DblCmpGe.o [4]
__aeabi_cfcmpeq         0x00004d29          Code  Gb  FltCmpEq.o [4]
__aeabi_cfcmple         0x00004f59          Code  Gb  FltCmpLe.o [4]
__aeabi_cfrcmple        0x00004f35          Code  Gb  FltCmpGe.o [4]
__aeabi_d2f             0x00004c99          Code  Gb  DblToFlt.o [4]
__aeabi_d2iz            0x00006909          Code  Gb  DblToI32.o [4]
__aeabi_d2uiz           0x00006935          Code  Gb  DblToI32.o [4]
__aeabi_dadd            0x00005f01          Code  Gb  DblAdd.o [4]
__aeabi_ddiv            0x00006415          Code  Gb  DblDiv.o [4]
__aeabi_dmul            0x00005d5d          Code  Gb  DblMul.o [4]
__aeabi_dsub            0x00006991          Code  Gb  DblSub.o [4]
__aeabi_errno_addr      0x000051a1     0x6  Code  Gb  errno.o [3]
__aeabi_f2d             0x00004b59          Code  Gb  FltToDbl.o [4]
__aeabi_f2iz            0x00004881          Code  Gb  FltToS32.o [4]
__aeabi_f2uiz           0x0000671d          Code  Gb  FltToU32.o [4]
__aeabi_fadd            0x000049ed          Code  Gb  FltAdd.o [4]
__aeabi_fdiv            0x00004d45          Code  Gb  FltDiv.o [4]
__aeabi_fmul            0x00004915          Code  Gb  FltMul.o [4]
__aeabi_fsub            0x00004a71          Code  Gb  FltSub.o [4]
__aeabi_i2d             0x0000665d          Code  Gb  I32ToDbl.o [4]
__aeabi_i2f             0x000048c5          Code  Gb  I32ToFlt.o [4]
__aeabi_memclr          0x00009d35          Code  Gb  ABImemclr.o [5]
__cmain                 0x00009ed5          Code  Gb  cmain.o [5]
__code_start__ {Abs}    0x00000410           --   Gb  command line/config [2]
__exit                  0x00009f01    0x14  Code  Gb  exit.o [6]
__iar_Atan              0x00006b11   0x148  Code  Gb  xatan.o [4]
__iar_Dint              0x00006e81    0x7e  Code  Gb  xdint.o [4]
__iar_Errno             0x1fff5fd4     0x4  Data  Gb  errno.o [3]
__iar_FAtan             0x00005039    0xb4  Code  Gb  xfatan.o [4]
__iar_FDtest            0x00004f0b    0x2a  Code  Gb  xfdtest.o [4]
__iar_Memset_word       0x00009d3d          Code  Gb  ABImemset.o [5]
__iar_Quad              0x00006d21   0x160  Code  Gb  xquad.o [4]
__iar_Sin               0x00005fe9   0x424  Code  Gb  xsin.o [4]
__iar_d2uiz             0x00006941          Code  Gb  DblToI32.o [4]
__iar_dadd              0x00005f15          Code  Gb  DblAdd.o [4]
__iar_data_init3        0x00009e9d    0x28  Code  Gb  data_init.o [5]
__iar_dlib_perthread_access
                        0x000051ad     0x2  Code  Gb  xtls.o [3]
__iar_dsub              0x000069a5          Code  Gb  DblSub.o [4]
__iar_dsubStart         0x000069b7          Code  Gb  DblSub.o [4]
__iar_edom              0x0000502d          Code  Gb  iarEdom.o [5]
__iar_fadd              0x000049fd          Code  Gb  FltAdd.o [4]
__iar_fmod              0x00006f21          Code  Gb  fmod.o [4]
__iar_fmodl             0x00006f21          Code  Gb  fmod.o [4]
__iar_fsub              0x00004a81          Code  Gb  FltSub.o [4]
__iar_fsubStart         0x00004a91          Code  Gb  FltSub.o [4]
__iar_program_start     0x00009f29          Code  Gb  cstartup_M.o [5]
__iar_sqrt              0x00004ba9          Code  Gb  sqrt.o [4]
__iar_sqrtf             0x0000512d          Code  Gb  sqrtf.o [4]
__iar_ui2d              0x00006671          Code  Gb  I32ToDbl.o [4]
__iar_ui2f              0x000048d9          Code  Gb  I32ToFlt.o [4]
__iar_unaligned___aeabi_memcpy
                        0x00008f95          Code  Gb  ABImemcpy_unaligned.o [5]
__iar_unaligned___aeabi_memcpy4
                        0x00008fb5          Code  Gb  ABImemcpy_unaligned.o [5]
__iar_unaligned___aeabi_memcpy8
                        0x00008fb5          Code  Gb  ABImemcpy_unaligned.o [5]
__iar_zero_init3        0x000048f3    0x22  Code  Gb  zero_init3.o [5]
__vector_table          0x00000000   0x410  Data  Gb  vectors.o [1]
_call_main              0x00009ee1          Code  Gb  cmain.o [5]
_exit                   0x00009ef5          Code  Gb  cexit.o [5]
_main                   0x00009eeb          Code  Gb  cmain.o [5]
a                       0x0000510c    0x20  Data  Lc  xfatan.o [4]
a                       0x00006cb0    0x40  Data  Lc  xatan.o [4]
acc_temp                0x1fff3824     0x8  Data  Gb  IIC.o [1]
asin                    0x00005c65    0xf0  Code  Gb  asin.o [4]
asinf                   0x00004f7d    0xb0  Code  Gb  asinf.o [4]
assert_failed           0x000096c5    0x1e  Code  Gb  assert.o [1]
atan                    0x00006689    0x94  Code  Gb  atan.o [4]
atan2f                  0x00004e41    0xca  Code  Gb  atan2f.o [4]
ax                      0x1fff387c     0x4  Data  Gb  IIC.o [1]
ay                      0x1fff3880     0x4  Data  Gb  IIC.o [1]
az                      0x1fff3884     0x4  Data  Gb  IIC.o [1]
bus_clk_khz             0x1fff5fcc     0x4  Data  Gb  sysinit.o [1]
cfgnum                  0x1fff3780     0x1  Data  Gb  OV7725.o [1]
codeGB_16               0x1fff2e4c   0x36c  Data  Gb  LCD.o [1]
common_startup          0x00009cc5    0x70  Code  Gb  startup.o [1]
core_clk_khz            0x1fff5fc4     0x4  Data  Gb  sysinit.o [1]
core_clk_mhz            0x1fff5fc8     0x4  Data  Gb  sysinit.o [1]
default_isr             0x00009d9d    0x1a  Code  Gb  vectors.o [1]
delayms                 0x00004865    0x18  Code  Gb  delay.o [1]
disable_irq             0x000086b1    0x52  Code  Gb  arm_cm4.o [1]
enable_irq              0x00008653    0x5e  Code  Gb  arm_cm4.o [1]
ex                      0x1fff3864     0x4  Data  Gb  IIC.o [1]
exit                    0x00009eef     0x4  Code  Gb  exit.o [3]
exti_init               0x00008831    0x50  Code  Gb  exti.o [1]
ey                      0x1fff3868     0x4  Data  Gb  IIC.o [1]
ez                      0x1fff386c     0x4  Data  Gb  IIC.o [1]
fmod                    0x00006f21          Code  Gb  fmod.o [4]
fmodl                   0x00006f21          Code  Gb  fmod.o [4]
gpio_init               0x00004809    0x56  Code  Gb  gpio.o [1]
gx                      0x1fff3870     0x4  Data  Gb  IIC.o [1]
gy                      0x1fff3874     0x4  Data  Gb  IIC.o [1]
gz                      0x1fff3878     0x4  Data  Gb  IIC.o [1]
halfT                   0x1fff3854     0x4  Data  Gb  IIC.o [1]
img_flag                0x1fff3718     0x1  Data  Gb  OV7725.o [1]
main                    0x00008881   0x2f4  Code  Gb  main.o [1]
mcg_div                 0x1fff3710     0x8  Data  Gb  mcg.o [1]
mpu6050_buffer          0x1fff3818     0xc  Data  Gb  IIC.o [1]
norm                    0x1fff3850     0x4  Data  Gb  IIC.o [1]
num                     0x1fff0464  0x21e8  Data  Gb  LCD.o [1]
out_char                0x00009f35     0x8  Code  Gb  io.o [1]
ov7725_get_img          0x00008df3    0x2a  Code  Gb  OV7725.o [1]
ov7727_reg              0x1fff371c    0x64  Data  Gb  OV7725.o [1]
pit_init                0x0000860d    0x16  Code  Gb  PIT.o [1]
pll_init                0x00009b09   0x1bc  Code  Gb  mcg.o [1]
port_init               0x00009221    0x48  Code  Gb  port.o [1]
printBigNum             0x0000777d    0xd0  Code  Gb  LCD.o [1]
printNum                0x00007855    0x3e  Code  Gb  LCD.o [1]
printf                  0x00007e75    0x1e  Code  Gb  printf.o [1]
printk                  0x00007a67   0x40e  Code  Gb  printf.o [1]
printk_mknumstr         0x00007997    0x64  Code  Lc  printf.o [1]
printk_pad_space        0x00007a31    0x36  Code  Lc  printf.o [1]
printk_pad_zero         0x000079fb    0x36  Code  Lc  printf.o [1]
printk_putc             0x0000796d    0x2a  Code  Lc  printf.o [1]
read_byte               0x00003b99    0xde  Code  Gb  IIC.o [1]
send_byte               0x00003a15   0x184  Code  Gb  IIC.o [1]
set_irq_priority        0x00008703    0x26  Code  Gb  arm_cm4.o [1]
set_sys_dividers        0x1fff37dd    0x3c  Code  Gb  mcg.o [1]
sprintf                 0x00007e99    0x26  Code  Gb  printf.o [1]
sqrt                    0x00004ba9          Code  Gb  sqrt.o [4]
sqrtf                   0x0000512d          Code  Gb  sqrtf.o [4]
sqrtl                   0x00004ba9          Code  Gb  sqrt.o [4]
start                   0x00009f15    0x14  Code  Gb  start.o [1]
strlen                  0x00007ebf    0x14  Code  Gb  stdlib.o [1]
sysinit                 0x00009ded    0x3c  Code  Gb  sysinit.o [1]
time_delay_ms           0x00009691    0x2a  Code  Gb  lptmr.o [1]
uart_getchar            0x000084c5    0x16  Code  Gb  uart.o [1]
uart_init               0x000083a9   0x11c  Code  Gb  uart.o [1]
uart_irq_DIS            0x000084f5    0x1a  Code  Gb  uart.o [1]
uart_putchar            0x000084db    0x1a  Code  Gb  uart.o [1]
vx                      0x1fff3858     0x4  Data  Gb  IIC.o [1]
vy                      0x1fff385c     0x4  Data  Gb  IIC.o [1]
vz                      0x1fff3860     0x4  Data  Gb  IIC.o [1]
water_lights            0x00009767    0x5e  Code  Gb  LED.o [1]
wdog_disable            0x00009e6d    0x14  Code  Gb  wdog.o [1]
wdog_unlock             0x00009e81    0x14  Code  Gb  wdog.o [1]
write_command           0x00007331    0x16  Code  Gb  LCD.o [1]
write_data              0x00007347    0x14  Code  Gb  LCD.o [1]
write_vtor              0x0000864d     0x6  Code  Gb  arm_cm4.o [1]


[1] = C:\Users\xuxu\Desktop\2015 LiChao Electronical Competition Code V9.0(新的电机,1234完美)\build\fire_demo\Release\Obj
[2] = command line
[3] = dl7M_tln.a
[4] = m7M_tl.a
[5] = rt7M_tl.a
[6] = shb_l.a

  26 388 bytes of readonly  code memory
      60 bytes of readwrite code memory
  14 380 bytes of readonly  data memory
  23 434 bytes of readwrite data memory

Errors: none
Warnings: none
