###############################################################################
#
# IAR ELF Linker V7.30.1.7746/W32 for ARM                 16/Aug/2015  02:17:37
# Copyright 2007-2014 IAR Systems AB.
#
#    Output file  =  
#        C:\Users\xuxu\Desktop\2015 LiChao Electronical Competition Code
#        V9.0(新的电机,1234完美)\build\fire_demo\Debug\Exe\fire_gpio_demo.out
#    Map file     =  
#        C:\Users\xuxu\Desktop\2015 LiChao Electronical Competition Code
#        V9.0(新的电机,1234完美)\build\fire_demo\Debug\List\fire_gpio_demo.map
#    Command line =  
#        "C:\Users\xuxu\Desktop\2015 LiChao Electronical Competition Code
#        V9.0(新的电机,1234完美)\build\fire_demo\Debug\Obj\adc.o"
#        "C:\Users\xuxu\Desktop\2015 LiChao Electronical Competition Code
#        V9.0(新的电机,1234完美)\build\fire_demo\Debug\Obj\alloc.o"
#        "C:\Users\xuxu\Desktop\2015 LiChao Electronical Competition Code
#        V9.0(新的电机,1234完美)\build\fire_demo\Debug\Obj\app.o"
#        "C:\Users\xuxu\Desktop\2015 LiChao Electronical Competition Code
#        V9.0(新的电机,1234完美)\build\fire_demo\Debug\Obj\app_hooks.o"
#        "C:\Users\xuxu\Desktop\2015 LiChao Electronical Competition Code
#        V9.0(新的电机,1234完美)\build\fire_demo\Debug\Obj\arm_cm4.o"
#        "C:\Users\xuxu\Desktop\2015 LiChao Electronical Competition Code
#        V9.0(新的电机,1234完美)\build\fire_demo\Debug\Obj\assert.o"
#        "C:\Users\xuxu\Desktop\2015 LiChao Electronical Competition Code
#        V9.0(新的电机,1234完美)\build\fire_demo\Debug\Obj\AT24C02.o"
#        "C:\Users\xuxu\Desktop\2015 LiChao Electronical Competition Code
#        V9.0(新的电机,1234完美)\build\fire_demo\Debug\Obj\BSP.o"
#        "C:\Users\xuxu\Desktop\2015 LiChao Electronical Competition Code
#        V9.0(新的电机,1234完美)\build\fire_demo\Debug\Obj\Car_init.o"
#        "C:\Users\xuxu\Desktop\2015 LiChao Electronical Competition Code
#        V9.0(新的电机,1234完美)\build\fire_demo\Debug\Obj\ccd.o"
#        "C:\Users\xuxu\Desktop\2015 LiChao Electronical Competition Code
#        V9.0(新的电机,1234完美)\build\fire_demo\Debug\Obj\crt0.o"
#        "C:\Users\xuxu\Desktop\2015 LiChao Electronical Competition Code
#        V9.0(新的电机,1234完美)\build\fire_demo\Debug\Obj\delay.o"
#        "C:\Users\xuxu\Desktop\2015 LiChao Electronical Competition Code
#        V9.0(新的电机,1234完美)\build\fire_demo\Debug\Obj\diskio.o"
#        "C:\Users\xuxu\Desktop\2015 LiChao Electronical Competition Code
#        V9.0(新的电机,1234完美)\build\fire_demo\Debug\Obj\dma.o"
#        "C:\Users\xuxu\Desktop\2015 LiChao Electronical Competition Code
#        V9.0(新的电机,1234完美)\build\fire_demo\Debug\Obj\exti.o"
#        "C:\Users\xuxu\Desktop\2015 LiChao Electronical Competition Code
#        V9.0(新的电机,1234完美)\build\fire_demo\Debug\Obj\ff.o"
#        "C:\Users\xuxu\Desktop\2015 LiChao Electronical Competition Code
#        V9.0(新的电机,1234完美)\build\fire_demo\Debug\Obj\flash.o"
#        "C:\Users\xuxu\Desktop\2015 LiChao Electronical Competition Code
#        V9.0(新的电机,1234完美)\build\fire_demo\Debug\Obj\FTM.o"
#        "C:\Users\xuxu\Desktop\2015 LiChao Electronical Competition Code
#        V9.0(新的电机,1234完美)\build\fire_demo\Debug\Obj\gpio.o"
#        "C:\Users\xuxu\Desktop\2015 LiChao Electronical Competition Code
#        V9.0(新的电机,1234完美)\build\fire_demo\Debug\Obj\i2c.o"
#        "C:\Users\xuxu\Desktop\2015 LiChao Electronical Competition Code
#        V9.0(新的电机,1234完美)\src\LIB\CMSIS\iar_cortexM4l_math.a"
#        "C:\Users\xuxu\Desktop\2015 LiChao Electronical Competition Code
#        V9.0(新的电机,1234完美)\build\fire_demo\Debug\Obj\IIC.o"
#        "C:\Users\xuxu\Desktop\2015 LiChao Electronical Competition Code
#        V9.0(新的电机,1234完美)\build\fire_demo\Debug\Obj\io.o"
#        "C:\Users\xuxu\Desktop\2015 LiChao Electronical Competition Code
#        V9.0(新的电机,1234完美)\build\fire_demo\Debug\Obj\isr.o"
#        "C:\Users\xuxu\Desktop\2015 LiChao Electronical Competition Code
#        V9.0(新的电机,1234完美)\build\fire_demo\Debug\Obj\ISR_fun.o"
#        "C:\Users\xuxu\Desktop\2015 LiChao Electronical Competition Code
#        V9.0(新的电机,1234完美)\build\fire_demo\Debug\Obj\LCD.o"
#        "C:\Users\xuxu\Desktop\2015 LiChao Electronical Competition Code
#        V9.0(新的电机,1234完美)\build\fire_demo\Debug\Obj\LED.o"
#        "C:\Users\xuxu\Desktop\2015 LiChao Electronical Competition Code
#        V9.0(新的电机,1234完美)\build\fire_demo\Debug\Obj\lptmr.o"
#        "C:\Users\xuxu\Desktop\2015 LiChao Electronical Competition Code
#        V9.0(新的电机,1234完美)\build\fire_demo\Debug\Obj\main.o"
#        "C:\Users\xuxu\Desktop\2015 LiChao Electronical Competition Code
#        V9.0(新的电机,1234完美)\build\fire_demo\Debug\Obj\mcg.o"
#        "C:\Users\xuxu\Desktop\2015 LiChao Electronical Competition Code
#        V9.0(新的电机,1234完美)\build\fire_demo\Debug\Obj\memtest.o"
#        "C:\Users\xuxu\Desktop\2015 LiChao Electronical Competition Code
#        V9.0(新的电机,1234完美)\build\fire_demo\Debug\Obj\os_core.o"
#        "C:\Users\xuxu\Desktop\2015 LiChao Electronical Competition Code
#        V9.0(新的电机,1234完美)\build\fire_demo\Debug\Obj\os_cpu_a.o"
#        "C:\Users\xuxu\Desktop\2015 LiChao Electronical Competition Code
#        V9.0(新的电机,1234完美)\build\fire_demo\Debug\Obj\os_cpu_c.o"
#        "C:\Users\xuxu\Desktop\2015 LiChao Electronical Competition Code
#        V9.0(新的电机,1234完美)\build\fire_demo\Debug\Obj\os_dbg.o"
#        "C:\Users\xuxu\Desktop\2015 LiChao Electronical Competition Code
#        V9.0(新的电机,1234完美)\build\fire_demo\Debug\Obj\os_flag.o"
#        "C:\Users\xuxu\Desktop\2015 LiChao Electronical Competition Code
#        V9.0(新的电机,1234完美)\build\fire_demo\Debug\Obj\os_mbox.o"
#        "C:\Users\xuxu\Desktop\2015 LiChao Electronical Competition Code
#        V9.0(新的电机,1234完美)\build\fire_demo\Debug\Obj\os_mem.o"
#        "C:\Users\xuxu\Desktop\2015 LiChao Electronical Competition Code
#        V9.0(新的电机,1234完美)\build\fire_demo\Debug\Obj\os_mutex.o"
#        "C:\Users\xuxu\Desktop\2015 LiChao Electronical Competition Code
#        V9.0(新的电机,1234完美)\build\fire_demo\Debug\Obj\os_q.o"
#        "C:\Users\xuxu\Desktop\2015 LiChao Electronical Competition Code
#        V9.0(新的电机,1234完美)\build\fire_demo\Debug\Obj\os_sem.o"
#        "C:\Users\xuxu\Desktop\2015 LiChao Electronical Competition Code
#        V9.0(新的电机,1234完美)\build\fire_demo\Debug\Obj\os_task.o"
#        "C:\Users\xuxu\Desktop\2015 LiChao Electronical Competition Code
#        V9.0(新的电机,1234完美)\build\fire_demo\Debug\Obj\os_time.o"
#        "C:\Users\xuxu\Desktop\2015 LiChao Electronical Competition Code
#        V9.0(新的电机,1234完美)\build\fire_demo\Debug\Obj\os_tmr.o"
#        "C:\Users\xuxu\Desktop\2015 LiChao Electronical Competition Code
#        V9.0(新的电机,1234完美)\build\fire_demo\Debug\Obj\OV7725.o"
#        "C:\Users\xuxu\Desktop\2015 LiChao Electronical Competition Code
#        V9.0(新的电机,1234完美)\build\fire_demo\Debug\Obj\PIT.o"
#        "C:\Users\xuxu\Desktop\2015 LiChao Electronical Competition Code
#        V9.0(新的电机,1234完美)\build\fire_demo\Debug\Obj\port.o"
#        "C:\Users\xuxu\Desktop\2015 LiChao Electronical Competition Code
#        V9.0(新的电机,1234完美)\build\fire_demo\Debug\Obj\printf.o"
#        "C:\Users\xuxu\Desktop\2015 LiChao Electronical Competition Code
#        V9.0(新的电机,1234完美)\build\fire_demo\Debug\Obj\queue.o"
#        "C:\Users\xuxu\Desktop\2015 LiChao Electronical Competition Code
#        V9.0(新的电机,1234完美)\build\fire_demo\Debug\Obj\SCCB.o"
#        "C:\Users\xuxu\Desktop\2015 LiChao Electronical Competition Code
#        V9.0(新的电机,1234完美)\build\fire_demo\Debug\Obj\sdhc.o"
#        "C:\Users\xuxu\Desktop\2015 LiChao Electronical Competition Code
#        V9.0(新的电机,1234完美)\build\fire_demo\Debug\Obj\start.o"
#        "C:\Users\xuxu\Desktop\2015 LiChao Electronical Competition Code
#        V9.0(新的电机,1234完美)\build\fire_demo\Debug\Obj\startup.o"
#        "C:\Users\xuxu\Desktop\2015 LiChao Electronical Competition Code
#        V9.0(新的电机,1234完美)\build\fire_demo\Debug\Obj\stdlib.o"
#        "C:\Users\xuxu\Desktop\2015 LiChao Electronical Competition Code
#        V9.0(新的电机,1234完美)\build\fire_demo\Debug\Obj\sysinit.o"
#        "C:\Users\xuxu\Desktop\2015 LiChao Electronical Competition Code
#        V9.0(新的电机,1234完美)\build\fire_demo\Debug\Obj\uart.o"
#        "C:\Users\xuxu\Desktop\2015 LiChao Electronical Competition Code
#        V9.0(新的电机,1234完美)\build\fire_demo\Debug\Obj\uif.o"
#        "C:\Users\xuxu\Desktop\2015 LiChao Electronical Competition Code
#        V9.0(新的电机,1234完美)\build\fire_demo\Debug\Obj\vectors.o"
#        "C:\Users\xuxu\Desktop\2015 LiChao Electronical Competition Code
#        V9.0(新的电机,1234完美)\build\fire_demo\Debug\Obj\wdog.o" -o
#        "C:\Users\xuxu\Desktop\2015 LiChao Electronical Competition Code
#        V9.0(新的电机,1234完美)\build\fire_demo\Debug\Exe\fire_gpio_demo.out"
#        --map "C:\Users\xuxu\Desktop\2015 LiChao Electronical Competition Code
#        V9.0(新的电机,1234完美)\build\fire_demo\Debug\List\fire_gpio_demo.map"
#        --config "C:\Users\xuxu\Desktop\2015 LiChao Electronical Competition
#        Code V9.0(新的电机,1234完美)\build\fire_demo\..\config
#        files\fire_ROM_K60N512.icf" --semihosting --entry __iar_program_start
#        --vfe
#
###############################################################################

*******************************************************************************
*** RUNTIME MODEL ATTRIBUTES
***

CppFlavor       = *
__SystemLibrary = DLib


*******************************************************************************
*** PLACEMENT SUMMARY
***

"A1":  place at 0x00000000 { ro section .intvec };
"A2":  place at 0x00000410 { ro section .noinit };
"P1":  place in [from 0x00000000 to 0x00040000] { ro, block CodeRelocate };
"P2":  place in [from 0x1fff0410 to 0x20010000] {
          rw, block CodeRelocateRam, block CSTACK, block HEAP };

  Section              Kind        Address    Size  Object
  -------              ----        -------    ----  ------
"A1":                                        0x410
  .intvec              const    0x00000000   0x410  vectors.o [1]
                              - 0x00000410   0x410

"P1", part 1 of 2:                             0x0
  .rodata              const    0x00000410     0x0  zero_init3.o [5]

"A2":                                         0x3c
  .noinit              ro code  0x00000410    0x3c  crt0.o [1]
                              - 0x0000044c    0x3c

"P1", part 2 of 2:                          0xba98
  .data_init                    0x0000044c  0x2e64  <Block>
    Initializer bytes  ro data  0x0000044c  0x2e64  <for .data-1>
  .text                ro code  0x000032b0  0x1424  IIC.o [1]
  .text                ro code  0x000046d4    0xc4  gpio.o [1]
  .text                ro code  0x00004798    0x24  delay.o [1]
  .text                ro code  0x000047bc    0x44  FltToS32.o [4]
  .text                ro code  0x00004800    0x2e  I32ToFlt.o [4]
  .text                ro code  0x0000482e    0x22  zero_init3.o [5]
  .text                ro code  0x00004850    0xd8  FltMul.o [4]
  .text                ro code  0x00004928    0x84  FltAdd.o [4]
  .text                ro code  0x000049ac    0xfc  FltDiv.o [4]
  .text                ro code  0x00004aa8    0xe6  FltSub.o [4]
  .text                ro code  0x00004b90    0x4e  FltToDbl.o [4]
  .text                ro code  0x00004be0    0xf0  sqrt.o [4]
  .text                ro code  0x00004cd0    0x90  DblToFlt.o [4]
  .text                ro code  0x00004d60    0x1c  FltCmpEq.o [4]
  .text                ro code  0x00004d7c    0xca  atan2f.o [4]
  .text                ro code  0x00004e46    0x2a  xfdtest.o [4]
  .text                ro code  0x00004e70    0x24  FltCmpGe.o [4]
  .text                ro code  0x00004e94    0x24  FltCmpLe.o [4]
  .text                ro code  0x00004eb8    0xb0  asinf.o [4]
  .text                ro code  0x00004f68    0x20  assert.o [1]
  .text                ro code  0x00004f88     0xc  iarEdom.o [5]
  .text                ro code  0x00004f94    0xf4  xfatan.o [4]
  .text                ro code  0x00005088    0x72  sqrtf.o [4]
  .text                ro code  0x000050fc     0xc  errno.o [3]
  .text                ro code  0x00005108    0xb4  LED.o [1]
  .text                ro code  0x000051bc   0x596  printf.o [1]
  .text                ro code  0x00005752     0x2  xtls.o [3]
  .text                ro code  0x00005754    0x20  stdlib.o [1]
  .text                ro code  0x00005774  0x1228  ISR_fun.o [1]
  .text                ro code  0x0000699c   0x246  DblDiv.o [4]
  .text                ro code  0x00006be4    0xf6  asin.o [4]
  .text                ro code  0x00006cdc   0x1a2  DblMul.o [4]
  .text                ro code  0x00006e80    0xe8  DblAdd.o [4]
  .text                ro code  0x00006f68     0x6  sin.o [4]
  .text                ro code  0x00006f70    0x2c  I32ToDbl.o [4]
  .text                ro code  0x00006f9c     0x6  cos.o [4]
  .text                ro code  0x00006fa4    0x94  atan.o [4]
  .text                ro code  0x00007038    0x24  FltToU32.o [4]
  .text                ro code  0x0000705c   0x3d8  FTM.o [1]
  .text                ro code  0x00007434    0x58  DblToI32.o [4]
  .text                ro code  0x0000748c    0x2e  DblCmpLe.o [4]
  .text                ro code  0x000074bc   0x180  DblSub.o [4]
  .text                ro code  0x00007640   0x1e0  xatan.o [4]
  .text                ro code  0x00007820   0x42a  xsin.o [4]
  .text                ro code  0x00007c4c    0x2e  DblCmpGe.o [4]
  .text                ro code  0x00007c7c   0x160  xquad.o [4]
  .text                ro code  0x00007ddc    0x7e  xdint.o [4]
  .text                ro code  0x00007e5c    0x20  DblCmpEq.o [4]
  .text                ro code  0x00007e7c   0x1a8  fmod.o [4]
  .text                ro code  0x00008024   0xaa8  LCD.o [1]
  .text                ro code  0x00008acc   0x6b0  Car_init.o [1]
  .text                ro code  0x0000917c   0x3dc  uart.o [1]
  .text                ro code  0x00009558    0x70  PIT.o [1]
  .text                ro code  0x000095c8   0x15c  arm_cm4.o [1]
  .text                ro code  0x00009724    0x6c  exti.o [1]
  .text                ro code  0x00009790   0x520  start.o [1]
  .text                ro code  0x00009cb0    0x38  wdog.o [1]
  .text                ro code  0x00009ce8    0xc0  startup.o [1]
  .text                ro code  0x00009da8    0x5c  sysinit.o [1]
  .text                ro code  0x00009e04   0x404  main.o [1]
  Veneer               ro code  0x0000a208     0x8  - Linker created -
  .text                ro code  0x0000a210   0x2f4  mcg.o [1]
  .text                ro code  0x0000a504   0x1e0  OV7725.o [1]
  .text                ro code  0x0000a6e4    0x56  ABImemcpy_unaligned.o [5]
  .text                ro code  0x0000a73c   0x344  dma.o [1]
  .text                ro code  0x0000aa80    0x58  port.o [1]
  .text                ro code  0x0000aad8   0x40a  SCCB.o [1]
  .text                ro code  0x0000aee4    0x4c  lptmr.o [1]
  .text                ro code  0x0000af30   0x4fe  isr.o [1]
  .rodata              const    0x0000b430   0x140  main.o [1]
  .rodata              const    0x0000b570    0x60  gpio.o [1]
  .rodata              const    0x0000b5d0    0x5c  dma.o [1]
  .rodata              const    0x0000b62c    0x5c  FTM.o [1]
  CodeRelocate                  0x0000b688    0x50  <Block>
    Initializer bytes  ro data  0x0000b688    0x50  <for CodeRelocateRam-1>
  .rodata              const    0x0000b6d8    0x4c  assert.o [1]
  .rodata              const    0x0000b724    0x48  start.o [1]
  .rodata              const    0x0000b76c    0x40  arm_cm4.o [1]
  .rodata              const    0x0000b7ac    0x40  start.o [1]
  .rodata              const    0x0000b7ec    0x3c  arm_cm4.o [1]
  .rodata              const    0x0000b828    0x3c  arm_cm4.o [1]
  .rodata              const    0x0000b864    0x38  arm_cm4.o [1]
  .rodata              const    0x0000b89c    0x30  vectors.o [1]
  .rodata              const    0x0000b8cc    0x2c  start.o [1]
  .rodata              const    0x0000b8f8    0x28  start.o [1]
  .rodata              const    0x0000b920    0x28  start.o [1]
  .text                ro code  0x0000b948    0x28  data_init.o [5]
  .rodata              const    0x0000b970    0x24  OV7725.o [1]
  .iar.init_table      const    0x0000b994    0x10  - Linker created -
  .rodata              const    0x0000b9a4    0x20  isr.o [1]
  .rodata              const    0x0000b9c4    0x20  main.o [1]
  .rodata              const    0x0000b9e4    0x20  OV7725.o [1]
  .rodata              const    0x0000ba04    0x20  OV7725.o [1]
  .rodata              const    0x0000ba24    0x20  start.o [1]
  .rodata              const    0x0000ba44    0x20  start.o [1]
  .rodata              const    0x0000ba64    0x20  start.o [1]
  .rodata              const    0x0000ba84    0x20  start.o [1]
  .rodata              const    0x0000baa4    0x20  start.o [1]
  .text                ro code  0x0000bac4    0x20  vectors.o [1]
  .rodata              const    0x0000bae4    0x1c  main.o [1]
  .rodata              const    0x0000bb00    0x1c  start.o [1]
  .rodata              const    0x0000bb1c    0x1c  start.o [1]
  .rodata              const    0x0000bb38    0x1c  start.o [1]
  .text                ro code  0x0000bb54    0x1a  cmain.o [5]
  .text                ro code  0x0000bb6e     0x4  low_level_init.o [3]
  .text                ro code  0x0000bb72     0x4  exit.o [3]
  .text                ro code  0x0000bb78     0xa  cexit.o [5]
  .text                ro code  0x0000bb84    0x14  exit.o [6]
  .rodata              const    0x0000bb98    0x18  main.o [1]
  .rodata              const    0x0000bbb0    0x18  main.o [1]
  .rodata              const    0x0000bbc8    0x18  OV7725.o [1]
  .rodata              const    0x0000bbe0    0x18  start.o [1]
  .rodata              const    0x0000bbf8    0x18  start.o [1]
  .rodata              const    0x0000bc10    0x18  start.o [1]
  .rodata              const    0x0000bc28    0x18  start.o [1]
  .rodata              const    0x0000bc40    0x18  start.o [1]
  .rodata              const    0x0000bc58    0x18  start.o [1]
  .rodata              const    0x0000bc70    0x18  start.o [1]
  .rodata              const    0x0000bc88    0x18  start.o [1]
  .rodata              const    0x0000bca0    0x14  OV7725.o [1]
  .rodata              const    0x0000bcb4    0x14  start.o [1]
  .rodata              const    0x0000bcc8    0x14  start.o [1]
  .rodata              const    0x0000bcdc    0x14  start.o [1]
  .rodata              const    0x0000bcf0    0x14  start.o [1]
  .rodata              const    0x0000bd04    0x14  start.o [1]
  .rodata              const    0x0000bd18    0x14  start.o [1]
  .rodata              const    0x0000bd2c    0x14  start.o [1]
  .rodata              const    0x0000bd40    0x14  start.o [1]
  .rodata              const    0x0000bd54    0x10  main.o [1]
  .rodata              const    0x0000bd64    0x10  OV7725.o [1]
  .rodata              const    0x0000bd74    0x10  start.o [1]
  .rodata              const    0x0000bd84    0x10  start.o [1]
  .rodata              const    0x0000bd94    0x10  start.o [1]
  .rodata              const    0x0000bda4    0x10  start.o [1]
  .rodata              const    0x0000bdb4    0x10  start.o [1]
  .rodata              const    0x0000bdc4    0x10  start.o [1]
  .rodata              const    0x0000bdd4    0x10  start.o [1]
  .rodata              const    0x0000bde4    0x10  start.o [1]
  .rodata              const    0x0000bdf4    0x10  start.o [1]
  .rodata              const    0x0000be04    0x10  start.o [1]
  .rodata              const    0x0000be14    0x10  start.o [1]
  .rodata              const    0x0000be24    0x10  start.o [1]
  .rodata              const    0x0000be34    0x10  start.o [1]
  .text                ro code  0x0000be44    0x10  io.o [1]
  .rodata              const    0x0000be54     0xc  start.o [1]
  .rodata              const    0x0000be60     0xc  start.o [1]
  .rodata              const    0x0000be6c     0xc  start.o [1]
  .rodata              const    0x0000be78     0xc  start.o [1]
  .text                ro code  0x0000be84     0xc  cstartup_M.o [5]
  .rodata              const    0x0000be90     0x8  main.o [1]
  .rodata              const    0x0000be98     0x8  main.o [1]
  .rodata              const    0x0000bea0     0x8  start.o [1]
  .rodata              const    0x0000bea8     0x8  start.o [1]
  .rodata              const    0x0000beb0     0x8  start.o [1]
  .rodata              const    0x0000beb8     0x8  start.o [1]
  .rodata              const    0x0000bec0     0x8  start.o [1]
  .rodata              const    0x0000bec8     0x8  start.o [1]
  .rodata              const    0x0000bed0     0x8  start.o [1]
  .rodata              const    0x0000bed8     0x8  start.o [1]
  Initializer bytes    ro data  0x0000bee0     0x4  <for P2 s0>
                              - 0x0000bee4  0xba98

"P2":                                       0x5c0c
  .data                         0x1fff0410  0x2e64  <Block>
    .data-1                     0x1fff0410  0x2e64  <Init block>
      .data            inited   0x1fff0410     0xc  FTM.o [1]
      .data            inited   0x1fff041c    0x14  gpio.o [1]
      .data            inited   0x1fff0430    0x14  gpio.o [1]
      .data            inited   0x1fff0444     0x1  IIC.o [1]
      .data            inited   0x1fff0445     0x1  IIC.o [1]
      .data            inited   0x1fff0448    0x10  ISR_fun.o [1]
      .data            inited   0x1fff0458  0x21e8  LCD.o [1]
      .data            inited   0x1fff2640   0x800  LCD.o [1]
      .data            inited   0x1fff2e40   0x36c  LCD.o [1]
      .data            inited   0x1fff31ac     0x8  LCD.o [1]
      .data            inited   0x1fff31b4    0x10  main.o [1]
      .data            inited   0x1fff31c4    0x14  main.o [1]
      .data            inited   0x1fff31d8     0x4  main.o [1]
      .data            inited   0x1fff31dc     0x4  main.o [1]
      .data            inited   0x1fff31e0     0x4  main.o [1]
      .data            inited   0x1fff31e4     0x4  main.o [1]
      .data            inited   0x1fff31e8     0x8  mcg.o [1]
      .data            inited   0x1fff31f0     0x1  OV7725.o [1]
      .data            inited   0x1fff31f4    0x64  OV7725.o [1]
      .data            inited   0x1fff3258     0x1  OV7725.o [1]
      .data            inited   0x1fff325c    0x18  uart.o [1]
  CodeRelocateRam               0x1fff3274    0x50  <Block>
    CodeRelocateRam-1           0x1fff3274    0x50  <Init block>
      .textrw          inited   0x1fff3274    0x50  mcg.o [1]
  .bss                          0x1fff32c4  0x2d54  <Block>
    .bss               zero     0x1fff32c4     0xc  IIC.o [1]
    .bss               zero     0x1fff32d0     0x8  IIC.o [1]
    .bss               zero     0x1fff32d8     0xc  IIC.o [1]
    .bss               zero     0x1fff32e4     0xc  IIC.o [1]
    .bss               zero     0x1fff32f0     0xc  IIC.o [1]
    .bss               zero     0x1fff32fc     0xc  IIC.o [1]
    .bss               zero     0x1fff3308     0xc  IIC.o [1]
    .bss               zero     0x1fff3314     0x4  IIC.o [1]
    .bss               zero     0x1fff3318     0x4  IIC.o [1]
    .bss               zero     0x1fff331c     0x4  IIC.o [1]
    .bss               zero     0x1fff3320     0x4  IIC.o [1]
    .bss               zero     0x1fff3324     0x4  IIC.o [1]
    .bss               zero     0x1fff3328     0x4  IIC.o [1]
    .bss               zero     0x1fff332c     0x4  IIC.o [1]
    .bss               zero     0x1fff3330     0x4  IIC.o [1]
    .bss               zero     0x1fff3334     0x4  IIC.o [1]
    .bss               zero     0x1fff3338     0x4  IIC.o [1]
    .bss               zero     0x1fff333c     0x4  IIC.o [1]
    .bss               zero     0x1fff3340     0x4  IIC.o [1]
    .bss               zero     0x1fff3344     0x4  IIC.o [1]
    .bss               zero     0x1fff3348     0x4  IIC.o [1]
    .bss               zero     0x1fff334c     0x4  isr.o [1]
    .bss               zero     0x1fff3350     0x4  ISR_fun.o [1]
    .bss               zero     0x1fff3354     0x4  ISR_fun.o [1]
    .bss               zero     0x1fff3358    0x10  ISR_fun.o [1]
    .bss               zero     0x1fff3368   0x140  LCD.o [1]
    .bss               zero     0x1fff34a8     0xc  main.o [1]
    .bss               zero     0x1fff34b4     0xc  main.o [1]
    .bss               zero     0x1fff34c0     0xc  main.o [1]
    .bss               zero     0x1fff34cc     0xc  main.o [1]
    .bss               zero     0x1fff34d8     0xc  main.o [1]
    .bss               zero     0x1fff34e4     0xc  main.o [1]
    .bss               zero     0x1fff34f0   0x428  main.o [1]
    .bss               zero     0x1fff3918     0xc  main.o [1]
    .bss               zero     0x1fff3924    0x20  main.o [1]
    .bss               zero     0x1fff3944    0xe0  main.o [1]
    .bss               zero     0x1fff3a24     0x4  main.o [1]
    .bss               zero     0x1fff3a28     0x4  main.o [1]
    .bss               zero     0x1fff3a2c  0x25a8  OV7725.o [1]
    .bss               zero     0x1fff5fd4     0x4  sysinit.o [1]
    .bss               zero     0x1fff5fd8     0x4  sysinit.o [1]
    .bss               zero     0x1fff5fdc     0x4  sysinit.o [1]
    .bss               zero     0x1fff5fe0    0x30  uart.o [1]
    .bss               zero     0x1fff6010     0x2  IIC.o [1]
    .bss               zero     0x1fff6012     0x2  IIC.o [1]
    .bss               zero     0x1fff6014     0x2  isr.o [1]
  P2 s0                         0x1fff6018     0x4  <Init block>
    __DLIB_PERTHREAD   inited   0x1fff6018     0x4  errno.o [3]
                              - 0x1fff601c  0x5c0c


*******************************************************************************
*** INIT TABLE
***

          Address     Size
          -------     ----
Zero (__iar_zero_init3)
    1 destination range, total size 0x2d52:
          0x1fff32c4  0x2d52



*******************************************************************************
*** MODULE SUMMARY
***

    Module                 ro code  rw code  ro data  rw data
    ------                 -------  -------  -------  -------
C:\Users\xuxu\Desktop\2015 LiChao Electronical Competition Code V9.0(新的电机,1234完美)\build\fire_demo\Debug\Obj: [1]
    Car_init.o               1 712
    FTM.o                      984               104       12
    IIC.o                    5 156                 2      142
    ISR_fun.o                4 648                18       40
    LCD.o                    2 728            11 612   11 932
    LED.o                      180
    OV7725.o                   480               265    9 742
    PIT.o                      112
    SCCB.o                   1 034
    arm_cm4.o                  348               240
    assert.o                    32                76
    crt0.o                      60
    delay.o                     36
    dma.o                      836                92
    exti.o                     108
    gpio.o                     196               136       40
    io.o                        16
    isr.o                    1 278                32        6
    lptmr.o                     76
    main.o                   1 028               512    1 464
    mcg.o                      756       80       88        8
    port.o                      88
    printf.o                 1 430
    start.o                  1 312             1 176
    startup.o                  192
    stdlib.o                    32
    sysinit.o                   92                         12
    uart.o                     988                27       72
    vectors.o                   32             1 088
    wdog.o                      56
    ---------------------------------------------------------
    Total:                  26 026       80   15 468   23 470

command line: [2]
    ---------------------------------------------------------
    Total:

dl7M_tln.a: [3]
    errno.o                     12                 4        4
    exit.o                       4
    low_level_init.o             4
    xtls.o                       2
    ---------------------------------------------------------
    Total:                      22                 4        4

m7M_tl.a: [4]
    DblAdd.o                   232
    DblCmpEq.o                  32
    DblCmpGe.o                  46
    DblCmpLe.o                  46
    DblDiv.o                   582
    DblMul.o                   418
    DblSub.o                   384
    DblToFlt.o                 144
    DblToI32.o                  88
    FltAdd.o                   132
    FltCmpEq.o                  28
    FltCmpGe.o                  36
    FltCmpLe.o                  36
    FltDiv.o                   252
    FltMul.o                   216
    FltSub.o                   230
    FltToDbl.o                  78
    FltToS32.o                  68
    FltToU32.o                  36
    I32ToDbl.o                  44
    I32ToFlt.o                  46
    asin.o                     246
    asinf.o                    176
    atan.o                     148
    atan2f.o                   202
    cos.o                        6
    fmod.o                     424
    sin.o                        6
    sqrt.o                     240
    sqrtf.o                    114
    xatan.o                    480
    xdint.o                    126
    xfatan.o                   244
    xfdtest.o                   42
    xquad.o                    352
    xsin.o                   1 066
    ---------------------------------------------------------
    Total:                   7 046

rt7M_tl.a: [5]
    ABImemcpy_unaligned.o       86
    cexit.o                     10
    cmain.o                     26
    cstartup_M.o                12
    data_init.o                 40
    iarEdom.o                   12
    zero_init3.o                34
    ---------------------------------------------------------
    Total:                     220

shb_l.a: [6]
    exit.o                      20
    ---------------------------------------------------------
    Total:                      20

    Gaps                        36                 2        8
    Linker created               8                16
-------------------------------------------------------------
    Grand Total:            33 378       80   15 490   23 482


*******************************************************************************
*** ENTRY LIST
***

Entry                      Address    Size  Type      Object
-----                      -------    ----  ----      ------
.bss$$Base              0x1fff32c4           --   Gb  - Linker created -
.bss$$Limit             0x1fff6018           --   Gb  - Linker created -
.data$$Base             0x1fff0410           --   Gb  - Linker created -
.data$$Limit            0x1fff3274           --   Gb  - Linker created -
.data_init$$Base        0x0000044c           --   Gb  - Linker created -
.data_init$$Limit       0x000032b0           --   Gb  - Linker created -
?main                   0x0000bb55          Code  Gb  cmain.o [5]
ASSERT_FAILED_STR       0x0000b6d8    0x4c  Data  Gb  assert.o [1]
Acc_ADC                 0x1fff34b4     0xc  Data  Gb  main.o [1]
Acc_ADC_Data            0x1fff34a8     0xc  Data  Gb  main.o [1]
Acc_CALIBRATED          0x1fff0444     0x1  Data  Gb  IIC.o [1]
Acc_Offset              0x1fff34c0     0xc  Data  Gb  main.o [1]
Angle                   0x1fff34f0   0x428  Data  Gb  main.o [1]
Angle_Calculate         0x0000580f   0x224  Code  Gb  ISR_fun.o [1]
Attitude_Updata_Quaternion
                        0x00003ef9   0x5c2  Code  Gb  IIC.o [1]
Buzzer_Ring_ms          0x00008fc3    0x24  Code  Gb  Car_init.o [1]
CodeRelocate$$Base      0x0000b688           --   Gb  - Linker created -
CodeRelocate$$Limit     0x0000b6d8           --   Gb  - Linker created -
CodeRelocateRam$$Base   0x1fff3274           --   Gb  - Linker created -
CodeRelocateRam$$Limit  0x1fff32c4           --   Gb  - Linker created -
DMA0_IRQHandler         0x0000b341    0x20  Code  Gb  isr.o [1]
DMA_PORTx2BUFF_Init     0x0000a73d   0x30a  Code  Gb  dma.o [1]
Disp_single_colour      0x00008869    0x34  Code  Gb  LCD.o [1]
Draw_single_line        0x0000889d    0x56  Code  Gb  LCD.o [1]
FTM0_IRQHandler         0x0000b42b     0x2  Code  Gb  isr.o [1]
FTM1_IRQHandler         0x0000b42d     0x2  Code  Gb  isr.o [1]
FTM_PWM_Duty            0x00007377    0x76  Code  Gb  FTM.o [1]
FTM_PWM_init            0x0000705d   0x31a  Code  Gb  FTM.o [1]
FTMx                    0x1fff0410     0xc  Data  Gb  FTM.o [1]
Filter_2nd_LPF2ndFilter
                        0x00003d6f   0x178  Code  Gb  IIC.o [1]
Font8x16                0x1fff2640   0x800  Data  Gb  LCD.o [1]
GPIOx                   0x1fff041c    0x14  Data  Gb  gpio.o [1]
Gravity                 0x1fff3918     0xc  Data  Gb  main.o [1]
Gyro_ADC                0x1fff34d8     0xc  Data  Gb  main.o [1]
Gyro_CALIBRATED         0x1fff0445     0x1  Data  Gb  IIC.o [1]
Gyro_Offset             0x1fff34e4     0xc  Data  Gb  main.o [1]
Gyro_dps                0x1fff34cc     0xc  Data  Gb  main.o [1]
HardFault_Handler       0x0000b3cf     0xa  Code  Gb  isr.o [1]
I2C_Single_Read         0x00003839    0x38  Code  Gb  IIC.o [1]
I2C_Single_Write        0x0000380f    0x2a  Code  Gb  IIC.o [1]
IIC_start               0x000032b1   0x12a  Code  Gb  IIC.o [1]
IIC_stop                0x000033dd   0x13e  Code  Gb  IIC.o [1]
Image_fire              0x1fff3a2c  0x25a8  Data  Gb  OV7725.o [1]
LCD_PORT_init           0x00008025    0x40  Code  Gb  LCD.o [1]
LCD_PutChar             0x000086d1    0x28  Code  Gb  LCD.o [1]
LCD_PutChar8x16         0x00008759    0x6c  Code  Gb  LCD.o [1]
LCD_PutString           0x000086f9    0x60  Code  Gb  LCD.o [1]
LCD_SetPos              0x00008673    0x5e  Code  Gb  LCD.o [1]
LCD_init                0x00008065   0x23c  Code  Gb  LCD.o [1]
LED_init                0x00005109    0x34  Code  Gb  LED.o [1]
LastIn                  0x1fff32f0     0xc  Data  Gb  IIC.o [1]
LastOut                 0x1fff3308     0xc  Data  Gb  IIC.o [1]
Lcd                     0x1fff31c4    0x14  Data  Gb  main.o [1]
MPU6050_CalOffset_Acc   0x00003b63   0x104  Code  Gb  IIC.o [1]
MPU6050_CalOffset_Gyro  0x00003c67    0xfc  Code  Gb  IIC.o [1]
MPU6050_Init            0x00003871    0xcc  Code  Gb  IIC.o [1]
MPU6050_Read_Acc_Data   0x0000393d    0xf8  Code  Gb  IIC.o [1]
MPU6050_Read_Gyro_Data  0x00003a35   0x12e  Code  Gb  IIC.o [1]
MPU6050_updateSensor    0x00003d63     0xc  Code  Gb  IIC.o [1]
Mode                    0x1fff3944    0xe0  Data  Gb  main.o [1]
Mode_PID                0x00005a4d   0xb98  Code  Gb  ISR_fun.o [1]
Motor                   0x1fff3924    0x20  Data  Gb  main.o [1]
Motor_Out               0x00006621   0x328  Code  Gb  ISR_fun.o [1]
Ov7725_Init             0x0000a5dd    0x12  Code  Gb  OV7725.o [1]
Ov7725_exti_Init        0x0000a505    0x9a  Code  Gb  OV7725.o [1]
Ov7725_reg_Init         0x0000a5ef    0xbe  Code  Gb  OV7725.o [1]
PIT0_IRQHandler         0x0000b361    0x58  Code  Gb  isr.o [1]
PORTB_IRQHandler        0x0000af31   0x3a4  Code  Gb  isr.o [1]
PORTX                   0x1fff0430    0x14  Data  Gb  gpio.o [1]
Parameters_init_CAR     0x00008bc1   0x402  Code  Gb  Car_init.o [1]
PendSV_Handler          0x0000b429     0x2  Code  Gb  isr.o [1]
PreOut                  0x1fff32fc     0xc  Data  Gb  IIC.o [1]
Process_Image           0x000089ff    0xae  Code  Gb  LCD.o [1]
PutGB1616               0x000087c5    0xa4  Code  Gb  LCD.o [1]
Pwm_Port_init           0x0000904b    0xb8  Code  Gb  Car_init.o [1]
Q                       0x1fff31b4    0x10  Data  Gb  main.o [1]
Quaternion_to_euler     0x000044c1   0x110  Code  Gb  IIC.o [1]
Region$$Table$$Base     0x0000b994           --   Gb  - Linker created -
Region$$Table$$Limit    0x0000b9a4           --   Gb  - Linker created -
Reset_Handler           0x00000411          Code  Gb  crt0.o [1]
SCCB_Ack                0x0000abf9    0x4c  Code  Lc  SCCB.o [1]
SCCB_GPIO_init          0x0000aaf3    0x1c  Code  Gb  SCCB.o [1]
SCCB_NoAck              0x0000ac45    0x4c  Code  Lc  SCCB.o [1]
SCCB_ReadByte           0x0000ae5d    0x86  Code  Gb  SCCB.o [1]
SCCB_ReceiveByte        0x0000ad83    0x84  Code  Lc  SCCB.o [1]
SCCB_SendByte           0x0000ad19    0x6a  Code  Lc  SCCB.o [1]
SCCB_Start              0x0000ab0f    0xaa  Code  Lc  SCCB.o [1]
SCCB_Stop               0x0000abb9    0x40  Code  Lc  SCCB.o [1]
SCCB_WaitAck            0x0000ac91    0x88  Code  Lc  SCCB.o [1]
SCCB_WriteByte          0x0000ae15    0x48  Code  Gb  SCCB.o [1]
SCCB_delay              0x0000aad9    0x1a  Code  Lc  SCCB.o [1]
SCI_Send_Datas          0x000093dd   0x126  Code  Gb  uart.o [1]
Send_Image_to_LCD       0x000088f9    0x58  Code  Gb  LCD.o [1]
Switch_init             0x00008fe7    0x64  Code  Gb  Car_init.o [1]
SysTick_Handler         0x0000b3cd     0x2  Code  Gb  isr.o [1]
System_Init             0x00008acd    0xf4  Code  Gb  Car_init.o [1]
Time_1ms                0x1fff3a24     0x4  Data  Gb  main.o [1]
UARTx                   0x1fff325c    0x18  Data  Gb  uart.o [1]
USART0_IRQHandler       0x0000b3b9    0x14  Code  Gb  isr.o [1]
VSYNC_IRQ               0x0000b2d5    0x6c  Code  Gb  isr.o [1]
Water_LEDs              0x00005775    0x9a  Code  Gb  ISR_fun.o [1]
__BOOT_STACK_ADDRESS {Abs}
                        0x2000fff8           --   Gb  command line/config [2]
__VECTOR_RAM {Abs}      0x1fff0000           --   Gb  command line/config [2]
__VECTOR_TABLE {Abs}    0x00000000           --   Gb  command line/config [2]
__aeabi_cdcmpeq         0x00007e5d          Code  Gb  DblCmpEq.o [4]
__aeabi_cdcmple         0x0000748d          Code  Gb  DblCmpLe.o [4]
__aeabi_cdrcmple        0x00007c4d          Code  Gb  DblCmpGe.o [4]
__aeabi_cfcmpeq         0x00004d61          Code  Gb  FltCmpEq.o [4]
__aeabi_cfcmple         0x00004e95          Code  Gb  FltCmpLe.o [4]
__aeabi_cfrcmple        0x00004e71          Code  Gb  FltCmpGe.o [4]
__aeabi_d2f             0x00004cd1          Code  Gb  DblToFlt.o [4]
__aeabi_d2iz            0x00007435          Code  Gb  DblToI32.o [4]
__aeabi_d2uiz           0x00007461          Code  Gb  DblToI32.o [4]
__aeabi_dadd            0x00006e81          Code  Gb  DblAdd.o [4]
__aeabi_ddiv            0x0000699d          Code  Gb  DblDiv.o [4]
__aeabi_dmul            0x00006cdd          Code  Gb  DblMul.o [4]
__aeabi_dsub            0x000074bd          Code  Gb  DblSub.o [4]
__aeabi_errno_addr      0x000050fd     0x6  Code  Gb  errno.o [3]
__aeabi_f2d             0x00004b91          Code  Gb  FltToDbl.o [4]
__aeabi_f2iz            0x000047bd          Code  Gb  FltToS32.o [4]
__aeabi_f2uiz           0x00007039          Code  Gb  FltToU32.o [4]
__aeabi_fadd            0x00004929          Code  Gb  FltAdd.o [4]
__aeabi_fdiv            0x000049ad          Code  Gb  FltDiv.o [4]
__aeabi_fmul            0x00004851          Code  Gb  FltMul.o [4]
__aeabi_fsub            0x00004aa9          Code  Gb  FltSub.o [4]
__aeabi_i2d             0x00006f71          Code  Gb  I32ToDbl.o [4]
__aeabi_i2f             0x00004801          Code  Gb  I32ToFlt.o [4]
__cmain                 0x0000bb55          Code  Gb  cmain.o [5]
__code_start__ {Abs}    0x00000410           --   Gb  command line/config [2]
__exit                  0x0000bb85    0x14  Code  Gb  exit.o [6]
__iar_Atan              0x00007641   0x148  Code  Gb  xatan.o [4]
__iar_Dint              0x00007ddd    0x7e  Code  Gb  xdint.o [4]
__iar_Errno             0x1fff6018     0x4  Data  Gb  errno.o [3]
__iar_FAtan             0x00004f95    0xb4  Code  Gb  xfatan.o [4]
__iar_FDtest            0x00004e47    0x2a  Code  Gb  xfdtest.o [4]
__iar_Quad              0x00007c7d   0x160  Code  Gb  xquad.o [4]
__iar_Sin               0x00007821   0x424  Code  Gb  xsin.o [4]
__iar_d2uiz             0x0000746d          Code  Gb  DblToI32.o [4]
__iar_dadd              0x00006e95          Code  Gb  DblAdd.o [4]
__iar_data_init3        0x0000b949    0x28  Code  Gb  data_init.o [5]
__iar_dlib_perthread_access
                        0x00005753     0x2  Code  Gb  xtls.o [3]
__iar_dsub              0x000074d1          Code  Gb  DblSub.o [4]
__iar_dsubStart         0x000074e3          Code  Gb  DblSub.o [4]
__iar_edom              0x00004f89          Code  Gb  iarEdom.o [5]
__iar_fadd              0x00004939          Code  Gb  FltAdd.o [4]
__iar_fmod              0x00007e7d          Code  Gb  fmod.o [4]
__iar_fmodl             0x00007e7d          Code  Gb  fmod.o [4]
__iar_fsub              0x00004ab9          Code  Gb  FltSub.o [4]
__iar_fsubStart         0x00004ac9          Code  Gb  FltSub.o [4]
__iar_program_start     0x0000be85          Code  Gb  cstartup_M.o [5]
__iar_sqrt              0x00004be1          Code  Gb  sqrt.o [4]
__iar_sqrtf             0x00005089          Code  Gb  sqrtf.o [4]
__iar_ui2d              0x00006f85          Code  Gb  I32ToDbl.o [4]
__iar_ui2f              0x00004815          Code  Gb  I32ToFlt.o [4]
__iar_unaligned___aeabi_memcpy4
                        0x0000a6e5          Code  Gb  ABImemcpy_unaligned.o [5]
__iar_unaligned___aeabi_memcpy8
                        0x0000a6e5          Code  Gb  ABImemcpy_unaligned.o [5]
__iar_zero_init3        0x0000482f    0x22  Code  Gb  zero_init3.o [5]
__low_level_init        0x0000bb6f     0x4  Code  Gb  low_level_init.o [3]
__vector_table          0x00000000   0x410  Data  Gb  vectors.o [1]
_call_main              0x0000bb61          Code  Gb  cmain.o [5]
_exit                   0x0000bb79          Code  Gb  cexit.o [5]
_main                   0x0000bb6b          Code  Gb  cmain.o [5]
a                       0x00005068    0x20  Data  Lc  xfatan.o [4]
a                       0x000077e0    0x40  Data  Lc  xatan.o [4]
acc_temp                0x1fff32d0     0x8  Data  Gb  IIC.o [1]
asin                    0x00006be5    0xf0  Code  Gb  asin.o [4]
asinf                   0x00004eb9    0xb0  Code  Gb  asinf.o [4]
assert_failed           0x00004f69    0x20  Code  Gb  assert.o [1]
atan                    0x00006fa5    0x94  Code  Gb  atan.o [4]
atan2f                  0x00004d7d    0xca  Code  Gb  atan2f.o [4]
ax                      0x1fff3340     0x4  Data  Gb  IIC.o [1]
ay                      0x1fff3344     0x4  Data  Gb  IIC.o [1]
az                      0x1fff3348     0x4  Data  Gb  IIC.o [1]
bus_clk_khz             0x1fff5fdc     0x4  Data  Gb  sysinit.o [1]
cfgnum                  0x1fff3258     0x1  Data  Gb  OV7725.o [1]
codeGB_16               0x1fff2e40   0x36c  Data  Gb  LCD.o [1]
common_startup          0x00009ce9    0xc0  Code  Gb  startup.o [1]
core_clk_khz            0x1fff5fd4     0x4  Data  Gb  sysinit.o [1]
core_clk_mhz            0x1fff5fd8     0x4  Data  Gb  sysinit.o [1]
cos                     0x00006f9d     0x6  Code  Gb  cos.o [4]
cpu_identify            0x000098bf   0x20a  Code  Gb  start.o [1]
default_isr             0x0000bac5    0x20  Code  Gb  vectors.o [1]
degrees                 0x00004613     0xa  Code  Gb  IIC.o [1]
delayms                 0x00004799    0x1e  Code  Gb  delay.o [1]
disable_irq             0x00009663    0x5e  Code  Gb  arm_cm4.o [1]
enable_irq              0x000095cf    0x94  Code  Gb  arm_cm4.o [1]
ex                      0x1fff3328     0x4  Data  Gb  IIC.o [1]
exit                    0x0000bb73     0x4  Code  Gb  exit.o [3]
exti_init               0x00009725    0x6c  Code  Gb  exti.o [1]
ey                      0x1fff332c     0x4  Data  Gb  IIC.o [1]
ez                      0x1fff3330     0x4  Data  Gb  IIC.o [1]
flash_identify          0x00009ac9    0xbe  Code  Gb  start.o [1]
fmod                    0x00007e7d          Code  Gb  fmod.o [4]
fmodl                   0x00007e7d          Code  Gb  fmod.o [4]
gpio_init               0x000046d5    0xb6  Code  Gb  gpio.o [1]
gx                      0x1fff3334     0x4  Data  Gb  IIC.o [1]
gy                      0x1fff3338     0x4  Data  Gb  IIC.o [1]
gz                      0x1fff333c     0x4  Data  Gb  IIC.o [1]
halfT                   0x1fff3318     0x4  Data  Gb  IIC.o [1]
img_flag                0x1fff31f0     0x1  Data  Gb  OV7725.o [1]
led                     0x0000513d    0x1e  Code  Gb  LED.o [1]
main                    0x00009e05   0x404  Code  Gb  main.o [1]
mcg_div                 0x1fff31e8     0x8  Data  Gb  mcg.o [1]
mpu6050_buffer          0x1fff32c4     0xc  Data  Gb  IIC.o [1]
norm                    0x1fff3314     0x4  Data  Gb  IIC.o [1]
num                     0x1fff0458  0x21e8  Data  Gb  LCD.o [1]
out_char                0x0000be45    0x10  Code  Gb  io.o [1]
ov7725_get_img          0x0000a59f    0x3e  Code  Gb  OV7725.o [1]
ov7727_reg              0x1fff31f4    0x64  Data  Gb  OV7725.o [1]
pit_init                0x00009559    0x62  Code  Gb  PIT.o [1]
pll_init                0x0000a211   0x2f4  Code  Gb  mcg.o [1]
port_init               0x0000aa81    0x58  Code  Gb  port.o [1]
printBigNum             0x00008951    0x6c  Code  Gb  LCD.o [1]
printNum                0x000089bd    0x42  Code  Gb  LCD.o [1]
printf                  0x000056f7    0x26  Code  Gb  printf.o [1]
printk                  0x000052e5   0x412  Code  Gb  printf.o [1]
printk_mknumstr         0x000051ef    0xaa  Code  Lc  printf.o [1]
printk_pad_space        0x000052bf    0x26  Code  Lc  printf.o [1]
printk_pad_zero         0x00005299    0x26  Code  Lc  printf.o [1]
printk_putc             0x000051bd    0x32  Code  Lc  printf.o [1]
radians                 0x00004609     0xa  Code  Gb  IIC.o [1]
read_byte               0x000036f9   0x116  Code  Gb  IIC.o [1]
safe_asin               0x000045d1    0x38  Code  Gb  IIC.o [1]
send_byte               0x0000351d   0x1da  Code  Gb  IIC.o [1]
set_irq_priority        0x000096c1    0x2a  Code  Gb  arm_cm4.o [1]
set_sys_dividers        0x1fff3275    0x50  Code  Gb  mcg.o [1]
sin                     0x00006f69     0x6  Code  Gb  sin.o [4]
sprintf                 0x00005721    0x32  Code  Gb  printf.o [1]
sqrt                    0x00004be1          Code  Gb  sqrt.o [4]
sqrtf                   0x00005089          Code  Gb  sqrtf.o [4]
sqrtl                   0x00004be1          Code  Gb  sqrt.o [4]
start                   0x00009791   0x12e  Code  Gb  start.o [1]
strlen                  0x00005755    0x20  Code  Gb  stdlib.o [1]
sysinit                 0x00009da9    0x48  Code  Gb  sysinit.o [1]
time_delay_ms           0x0000aee5    0x38  Code  Gb  lptmr.o [1]
uart_getchar            0x00009375    0x1e  Code  Gb  uart.o [1]
uart_init               0x0000917d   0x1f8  Code  Gb  uart.o [1]
uart_irq_DIS            0x000093b1    0x2c  Code  Gb  uart.o [1]
uart_putchar            0x00009393    0x1e  Code  Gb  uart.o [1]
vx                      0x1fff331c     0x4  Data  Gb  IIC.o [1]
vy                      0x1fff3320     0x4  Data  Gb  IIC.o [1]
vz                      0x1fff3324     0x4  Data  Gb  IIC.o [1]
water_lights            0x0000515b    0x5c  Code  Gb  LED.o [1]
wdog_disable            0x00009cb1    0x16  Code  Gb  wdog.o [1]
wdog_unlock             0x00009cc9    0x16  Code  Gb  wdog.o [1]
write_command           0x000082a1   0x1de  Code  Gb  LCD.o [1]
write_data              0x0000847f   0x1de  Code  Gb  LCD.o [1]
write_vtor              0x000095c9     0x6  Code  Gb  arm_cm4.o [1]
write_word              0x0000865d    0x16  Code  Gb  LCD.o [1]


[1] = C:\Users\xuxu\Desktop\2015 LiChao Electronical Competition Code V9.0(新的电机,1234完美)\build\fire_demo\Debug\Obj
[2] = command line
[3] = dl7M_tln.a
[4] = m7M_tl.a
[5] = rt7M_tl.a
[6] = shb_l.a

  33 378 bytes of readonly  code memory
      80 bytes of readwrite code memory
  15 490 bytes of readonly  data memory
  23 482 bytes of readwrite data memory

Errors: none
Warnings: none
